Resolving dependencies...
Downloading packages...
  app_links 6.4.1 (7.2.1 available)
  app_links_platform_interface 2.0.2 (2.0.4 available)
  async 2.13.0 (2.13.1 available)
  connectivity_plus 6.1.5 (7.2.0 available)
  cupertino_icons 1.0.8 (1.0.9 available)
  flutter_lints 5.0.0 (6.0.0 available)
  flutter_riverpod 2.6.1 (3.3.2 available)
  go_router 14.8.1 (17.3.0 available)
  gotrue 2.25.0 (2.26.0 available)
  intl 0.20.2 (0.20.3 available)
  json_annotation 4.9.0 (4.12.0 available)
  lints 5.1.1 (6.1.0 available)
  matcher 0.12.19 (0.12.20 available)
  meta 1.18.0 (1.19.0 available)
  path_provider_linux 2.2.1 (2.2.2 available)
  path_provider_platform_interface 2.1.2 (2.1.3 available)
  realtime_client 2.10.0 (2.11.0 available)
  riverpod 2.6.1 (3.3.2 available)
  shared_preferences 2.5.3 (2.5.5 available)
  shared_preferences_android 2.4.13 (2.4.26 available)
  shared_preferences_foundation 2.5.4 (2.5.6 available)
  shared_preferences_platform_interface 2.4.1 (2.4.2 available)
  source_span 1.10.1 (1.10.2 available)
  supabase 2.13.4 (2.14.0 available)
  supabase_flutter 2.15.4 (2.16.0 available)
  test_api 0.7.11 (0.7.13 available)
  url_launcher_android 6.3.20 (6.3.32 available)
  url_launcher_ios 6.3.4 (6.4.1 available)
  url_launcher_macos 3.2.3 (3.2.5 available)
  url_launcher_web 2.4.1 (2.4.3 available)
  vector_math 2.2.0 (2.4.0 available)
  vm_service 15.0.0 (15.2.0 available)
  xml 6.6.1 (7.0.1 available)
Got dependencies!
33 packages have newer versions incompatible with dependency constraints.
Try `flutter pub outdated` for more information.

✅ /home/runner/work/AS-Grinta/AS-Grinta/test/matches_test.dart: MatchModel exposes readable location and status labels
✅ /home/runner/work/AS-Grinta/AS-Grinta/test/app_preferences_test.dart: copyWith conserve les préférences non modifiées
✅ /home/runner/work/AS-Grinta/AS-Grinta/test/auth_profile_test.dart: AuthProfile parses a Supabase profile payload into a domain model
::group::❌ /home/runner/work/AS-Grinta/AS-Grinta/test/prediction_scoring_test.dart: PredictionScoring score exact = cote x20 (failed)
Expected: <40>
  Actual: <4.0>

package:matcher                                     expect
package:flutter_test/src/widget_tester.dart 473:18  expect
test/prediction_scoring_test.dart 7:7               main.<fn>.<fn>
::endgroup::
::group::❌ /home/runner/work/AS-Grinta/AS-Grinta/test/prediction_scoring_test.dart: PredictionScoring bon vainqueur + bon écart = cote x15 (failed)
Expected: <30>
  Actual: <3.0>

package:matcher                                     expect
package:flutter_test/src/widget_tester.dart 473:18  expect
test/prediction_scoring_test.dart 20:7              main.<fn>.<fn>
::endgroup::
::group::❌ /home/runner/work/AS-Grinta/AS-Grinta/test/prediction_scoring_test.dart: PredictionScoring bon vainqueur + score exact d’une équipe = cote x15 (failed)
Expected: <30>
  Actual: <3.0>

package:matcher                                     expect
package:flutter_test/src/widget_tester.dart 473:18  expect
test/prediction_scoring_test.dart 33:7              main.<fn>.<fn>
::endgroup::
::group::❌ /home/runner/work/AS-Grinta/AS-Grinta/test/prediction_scoring_test.dart: PredictionScoring bon vainqueur seul = cote x10 (failed)
Expected: <20>
  Actual: <2.0>

package:matcher                                     expect
package:flutter_test/src/widget_tester.dart 473:18  expect
test/prediction_scoring_test.dart 46:7              main.<fn>.<fn>
::endgroup::
::group::❌ /home/runner/work/AS-Grinta/AS-Grinta/test/prediction_scoring_test.dart: PredictionScoring nul prédit et nul réel sans score exact = cote x15 (écart nul) (failed)
Expected: <45>
  Actual: <4.5>

package:matcher                                     expect
package:flutter_test/src/widget_tester.dart 473:18  expect
test/prediction_scoring_test.dart 59:7              main.<fn>.<fn>
::endgroup::
✅ /home/runner/work/AS-Grinta/AS-Grinta/test/prediction_scoring_test.dart: PredictionScoring mauvais résultat = 0
✅ /home/runner/work/AS-Grinta/AS-Grinta/test/prediction_scoring_test.dart: PredictionScoring sans cote = null
✅ /home/runner/work/AS-Grinta/AS-Grinta/test/profile_test.dart: Profile role handling legacy moderator role maps to admin (rôles fusionnés)
✅ /home/runner/work/AS-Grinta/AS-Grinta/test/profile_test.dart: Profile role handling admin is staff, pronostiqueur is not
✅ /home/runner/work/AS-Grinta/AS-Grinta/test/widget_test.dart: loading screen displays the authentication loader

::error::8 tests passed, 5 failed.
